// Jest Snapshot v1, https://goo.gl/fbAQLP

exports[`App should render app component 1`] = `
<div
  className="container"
>
  <QuestionLoadingBar
    questionNumber={1}
    totalCount={0}
  />
  <div
    className="questionBox"
  >
    <RatingAndCategory
      currentQueNumber={0}
      totalCount={0}
    />
    <Question
      handleScore={[Function]}
      nextQuestion={[Function]}
    />
    <ScoreBar
      currentQueNumber={0}
      score={0}
      totalCount={0}
    />
  </div>
</div>
`;
